---
source: loco-gen/tests/templates/migration.rs
expression: "fs::read_to_string(&migration_file).expect(\"Failed to read the migration file\")"
---
use sea_orm_migration::{prelude::*, schema::*};

#[derive(DeriveMigrationName)]
pub struct Migration;

#[derive(DeriveIden)]
enum Movies {
    Table,
    Rating,
}

#[async_trait::async_trait]
impl MigrationTrait for Migration {
    async fn up(&self, manager: &SchemaManager) -> Result<(), DbErr> {
        //
        // add column
        //
        /*
        manager
            .alter_table(
                Table::alter()
                    .table(Movies::Table)
                    .add_column_if_not_exists(integer(Movies::Rating))
                    .to_owned(),
            )
            .await
        */

        //
        // delete column
        //
        /*
        manager
            .alter_table(
                Table::alter()
                    .table(Movies::Table)
                    .drop_column(Movies::Rating)
                    .to_owned(),
            )
            .await
        */

        //
        // create index
        //
        /*
        manager
            .create_index(
                Index::create()
                    .name("idx-movies-rating")
                    .table(Movies::Table)
                    .col(Movies::Rating)
                    .to_owned(),
            )
            .await;
        */
        todo!()
    }

    async fn down(&self, manager: &SchemaManager) -> Result<(), DbErr> {
        Ok(())
    }
}
