---
source: loco-gen/tests/templates/deployment.rs
expression: "fs::read_to_string(tree_fs.root.join(\"src\").join(\"bin\").join(\"shuttle.rs\")).expect(\"shuttle rs missing\")"
snapshot_kind: text
---
use loco_rs::boot::{create_app, StartMode};
use loco_rs::environment::Environment;
use tester::app::App;
use migration::Migrator;

#[shuttle_runtime::main]
async fn main(
    #[shuttle_shared_db::Postgres] conn_str: String,
    #[shuttle_runtime::Metadata] meta: shuttle_runtime::DeploymentMetadata,
) -> shuttle_axum::ShuttleAxum {
    std::env::set_var("DATABASE_URL", conn_str);
    let environment = match meta.env {
        shuttle_runtime::Environment::Local => Environment::Development,
        shuttle_runtime::Environment::Deployment => Environment::Production,
    };

    let config = environment
        .load()
        .expect("Failed to load configuration from the environment");

    let boot_result = create_app::<App, Migrator>(StartMode::ServerOnly, &environment, config)
        .await
        .unwrap();

    let router = boot_result.router.unwrap();
    Ok(router.into())
}
