---
source: loco-gen/tests/templates/deployment.rs
expression: "fs::read_to_string(tree_fs.root.join(\"dockerfile\")).expect(\"dockerfile missing\")"
---
FROM rust:1.83.0-slim as builder

WORKDIR /usr/src/

COPY . .

RUN cargo build --release

FROM debian:bookworm-slim

WORKDIR /usr/app

COPY --from=builder /usr/src/config config
COPY --from=builder /usr/src/target/release/tester-cli tester-cli

ENTRYPOINT ["/usr/app/tester-cli"]
