---
source: loco-gen/tests/templates/migration.rs
expression: "fs::read_to_string(&migration_file).expect(\"Failed to read the migration file\")"
snapshot_kind: text
---
use loco_rs::schema::*;
use sea_orm_migration::prelude::*;

#[derive(DeriveMigrationName)]
pub struct Migration;

#[async_trait::async_trait]
impl MigrationTrait for Migration {
    async fn up(&self, m: &SchemaManager) -> Result<(), DbErr> {
        add_reference(m, "posts", "user", "").await?;
        Ok(())
    }

    async fn down(&self, m: &SchemaManager) -> Result<(), DbErr> {
        remove_reference(m, "posts", "user", "").await?;
        }
}
