---
source: loco-gen/tests/templates/deployment.rs
expression: "fs::read_to_string(tree_fs.root.join(\"Cargo.toml\")).expect(\"cargo.toml not exists\")"
---
[dependencies]
shuttle-axum = "0.55.0"
shuttle-runtime = { version = "0.55.0", default-features = false }


[[bin]]
name = "tester"
path = "src/bin/shuttle.rs"

[dev-dependencies]
