---
source: loco-gen/tests/templates/deployment.rs
expression: "fs::read_to_string(tree_fs.root.join(\"Cargo.toml\")).expect(\"cargo.toml not exists\")"
snapshot_kind: text
---
[dependencies]
shuttle-axum = "[SHUTTLE_RUNTIME_VERSION]"
shuttle-runtime = { version = "[SHUTTLE_RUNTIME_VERSION]", default-features = false }
shuttle-shared-db = { version = "[SHUTTLE_RUNTIME_VERSION]", features = ["postgres"] }


[dev-dependencies]
