---
source: tests/controller/openapi.rs
expression: "(res.status().to_string(), res.url().to_string(), res.text().await.unwrap(),)"
---
(
    "200 OK",
    "http://localhost:5555/scalar/openapi.json",
    "{\"openapi\":\"3.1.0\",\"info\":{\"title\":\"Loco Demo\",\"description\":\"This app is a kitchensink for various capabilities and examples of the [Loco](https://loco.rs) project.\",\"contact\":{\"name\":\"Dotan Nahum\",\"email\":\"dotan@rng0.io\"},\"license\":{\"name\":\"Apache-2.0\"},\"version\":\"0.13.0\"},\"paths\":{\"/album\":{\"get\":{\"operationId\":\"get_action_openapi\",\"responses\":{\"200\":{\"description\":\"Album found\",\"content\":{\"application/json\":{\"schema\":{\"$ref\":\"#/components/schemas/Album\"}}}}}}}},\"components\":{\"schemas\":{\"Album\":{\"type\":\"object\",\"required\":[\"title\",\"rating\"],\"properties\":{\"rating\":{\"type\":\"integer\",\"format\":\"int32\",\"minimum\":0},\"title\":{\"type\":\"string\"}}}}}}",
)
