---
source: tests/templates/db.rs
expression: "std::fs::read_to_string(generator.path(\"src/app.rs\")).expect(\"could not open file\")"
---
use std::path::Path;
use async_trait::async_trait;
use loco_rs::{
    app::{AppContext, Hooks, Initializer},
    bgworker::{
        Queue},
    boot::{create_app, BootResult, StartMode},
    controller::AppRoutes,
    db::{self, truncate_table},
    environment::Environment,
    task::Tasks,
    Result,
};
use migration::Migrator;
use sea_orm::DatabaseConnection;

#[allow(unused_imports)]
use crate::{
    controllers
    ,tasks
    , models::_entities::users,
};

pub struct App;
#[async_trait]
impl Hooks for App {
    fn app_name() -> &'static str {
        env!("CARGO_CRATE_NAME")
    }

    fn app_version() -> String {
        format!(
            "{} ({})",
            env!("CARGO_PKG_VERSION"),
            option_env!("BUILD_SHA")
                .or(option_env!("GITHUB_SHA"))
                .unwrap_or("dev")
        )
    }

    async fn boot(mode: StartMode, environment: &Environment) -> Result<BootResult> {
        create_app::<Self, Migrator>(mode, environment).await
        
    }

    async fn initializers(_ctx: &AppContext) -> Result<Vec<Box<dyn Initializer>>> {
        Ok(vec![])
    }

    fn routes(_ctx: &AppContext) -> AppRoutes {
        AppRoutes::with_default_routes() // controller routes below
            .add_route(controllers::home::routes())
    }
    async fn connect_workers(_ctx: &AppContext, _queue: &Queue) -> Result<()> {
        Ok(())
    }

    #[allow(unused_variables)]
    fn register_tasks(tasks: &mut Tasks) {
        // tasks-inject (do not remove)
    }
    async fn truncate(db: &DatabaseConnection) -> Result<()> {
        truncate_table(db, users::Entity).await?;
        Ok(())
    }

    async fn seed(ctx: &AppContext, base: &Path) -> Result<()> {
        db::seed::<users::ActiveModel>(&ctx.db, &base.join("users.yaml").display().to_string()).await?;
        Ok(())
    }
}
