---
source: src/bgworker/mod.rs
expression: "std::fs::read_to_string(dump_file).unwrap()"
snapshot_kind: text
---
"- created_at: 2024-11-28T08:03:25Z\n  id: 01JDM0X8EVAM823JZBGKYNBA94\n  interval: null\n  name: DataBackup\n  run_at: 2024-11-28T08:04:25Z\n  status: cancelled\n  tags: null\n  task_data:\n    backup_id: backup-12345\n    email: user16@example.com\n    user_id: 138\n  updated_at: 2024-11-28T08:03:25Z\n- created_at: 2024-11-28T08:03:25Z\n  id: 01JDM0X8EVAM823JZBGKYNBA96\n  interval: null\n  name: UserDeactivation\n  run_at: 2024-11-28T08:04:25Z\n  status: failed\n  tags: null\n  task_data:\n    deactivation_reason: user requested\n    email: user14@example.com\n    user_id: 136\n  updated_at: 2024-11-28T08:03:25Z\n- created_at: 2024-11-28T08:03:25Z\n  id: 01JDM0X8EVAM823JZBGKYNBA87\n  interval: null\n  name: UserDeactivation\n  run_at: 2024-11-28T08:04:25Z\n  status: failed\n  tags: null\n  task_data:\n    deactivation_reason: account inactive\n    email: user24@example.com\n    user_id: 146\n  updated_at: 2024-11-28T08:03:25Z\n"
