---
source: tests/build_scripts/embedded_assets.rs
expression: file_mappings
snapshot_kind: text
---
[
    (
        "[TEST_ROOT]/assets/css/style.css",
        "/css/style.css",
    ),
    (
        "[TEST_ROOT]/assets/js/app.js",
        "/js/app.js",
    ),
    (
        "[TEST_ROOT]/assets/views/index.html",
        "index.html",
    ),
]
