---
source: src/scheduler.rs
expression: "format!(\"{scheduler}\")"
---
"#      job_name        cron               tags               run\n1      print task      */5 * * * * *      base, echo         \"foo\"\n2      write to file   */5 * * * * *      base, write        \"echo loco >> ./scheduler.txt\"\n"
