---
source: src/scheduler.rs
expression: "format!(\"{scheduler}\")"
---
"#      job_name        schedule               tags               run\n1      print_task      */5 * * * * *          base, echo         \"foo\"\n2      write_to_file   */5 * * * * *          base, write        \"echo loco >> ./scheduler.txt\"\n"
